2025-06-10 20:22:04,216 - sqlalchemy.engine.Engine - INFO - select pg_catalog.version()
2025-06-10 20:22:04,217 - sqlalchemy.engine.Engine - INFO - [raw sql] ()
2025-06-10 20:22:04,220 - sqlalchemy.engine.Engine - INFO - select current_schema()
2025-06-10 20:22:04,221 - sqlalchemy.engine.Engine - INFO - [raw sql] ()
2025-06-10 20:22:04,223 - sqlalchemy.engine.Engine - INFO - show standard_conforming_strings
2025-06-10 20:22:04,224 - sqlalchemy.engine.Engine - INFO - [raw sql] ()
2025-06-10 20:22:04,225 - sqlalchemy.engine.Engine - INFO - BEGIN (implicit)
2025-06-10 20:22:04,230 - sqlalchemy.engine.Engine - INFO - SELECT pg_catalog.pg_class.relname 
FROM pg_catalog.pg_class JOIN pg_catalog.pg_namespace ON pg_catalog.pg_namespace.oid = pg_catalog.pg_class.relnamespace 
WHERE pg_catalog.pg_class.relname = $1::VARCHAR AND pg_catalog.pg_class.relkind = ANY (ARRAY[$2::VARCHAR, $3::VARCHAR, $4::VARCHAR, $5::VARCHAR, $6::VARCHAR]) AND pg_catalog.pg_table_is_visible(pg_catalog.pg_class.oid) AND pg_catalog.pg_namespace.nspname != $7::VARCHAR
2025-06-10 20:22:04,232 - sqlalchemy.engine.Engine - INFO - [generated in 0.00227s] ('books', 'r', 'p', 'f', 'v', 'm', 'pg_catalog')
2025-06-10 20:22:04,259 - sqlalchemy.engine.Engine - INFO - 
DROP TABLE books
2025-06-10 20:22:04,259 - sqlalchemy.engine.Engine - INFO - [no key 0.00061s] ()
2025-06-10 20:22:04,275 - sqlalchemy.engine.Engine - INFO - SELECT pg_catalog.pg_class.relname 
FROM pg_catalog.pg_class JOIN pg_catalog.pg_namespace ON pg_catalog.pg_namespace.oid = pg_catalog.pg_class.relnamespace 
WHERE pg_catalog.pg_class.relname = $1::VARCHAR AND pg_catalog.pg_class.relkind = ANY (ARRAY[$2::VARCHAR, $3::VARCHAR, $4::VARCHAR, $5::VARCHAR, $6::VARCHAR]) AND pg_catalog.pg_table_is_visible(pg_catalog.pg_class.oid) AND pg_catalog.pg_namespace.nspname != $7::VARCHAR
2025-06-10 20:22:04,276 - sqlalchemy.engine.Engine - INFO - [cached since 0.04593s ago] ('books', 'r', 'p', 'f', 'v', 'm', 'pg_catalog')
2025-06-10 20:22:04,278 - sqlalchemy.engine.Engine - INFO - 
CREATE TABLE books (
	id SERIAL NOT NULL, 
	title VARCHAR NOT NULL, 
	author VARCHAR NOT NULL, 
	year INTEGER NOT NULL, 
	genre VARCHAR NOT NULL, 
	pages INTEGER NOT NULL, 
	availability VARCHAR(20) NOT NULL, 
	cover_url VARCHAR, 
	description VARCHAR, 
	PRIMARY KEY (id)
)


2025-06-10 20:22:04,280 - sqlalchemy.engine.Engine - INFO - [no key 0.00258s] ()
2025-06-10 20:22:04,328 - sqlalchemy.engine.Engine - INFO - CREATE INDEX ix_books_id ON books (id)
2025-06-10 20:22:04,329 - sqlalchemy.engine.Engine - INFO - [no key 0.00051s] ()
2025-06-10 20:22:04,333 - sqlalchemy.engine.Engine - INFO - COMMENT ON COLUMN books.title IS 'Наименование книги'
2025-06-10 20:22:04,333 - sqlalchemy.engine.Engine - INFO - [no key 0.00051s] ()
2025-06-10 20:22:04,336 - sqlalchemy.engine.Engine - INFO - COMMENT ON COLUMN books.author IS 'Имя автора'
2025-06-10 20:22:04,336 - sqlalchemy.engine.Engine - INFO - [no key 0.00055s] ()
2025-06-10 20:22:04,337 - sqlalchemy.engine.Engine - INFO - COMMENT ON COLUMN books.year IS 'Год издания книги'
2025-06-10 20:22:04,338 - sqlalchemy.engine.Engine - INFO - [no key 0.00049s] ()
2025-06-10 20:22:04,339 - sqlalchemy.engine.Engine - INFO - COMMENT ON COLUMN books.genre IS 'Жанр книги'
2025-06-10 20:22:04,340 - sqlalchemy.engine.Engine - INFO - [no key 0.00157s] ()
2025-06-10 20:22:04,342 - sqlalchemy.engine.Engine - INFO - COMMENT ON COLUMN books.pages IS 'Количество страниц книги'
2025-06-10 20:22:04,343 - sqlalchemy.engine.Engine - INFO - [no key 0.00147s] ()
2025-06-10 20:22:04,344 - sqlalchemy.engine.Engine - INFO - COMMENT ON COLUMN books.availability IS 'Статус доступности'
2025-06-10 20:22:04,345 - sqlalchemy.engine.Engine - INFO - [no key 0.00051s] ()
2025-06-10 20:22:04,346 - sqlalchemy.engine.Engine - INFO - COMMENT ON COLUMN books.cover_url IS 'Ссылка на обложку'
2025-06-10 20:22:04,346 - sqlalchemy.engine.Engine - INFO - [no key 0.00042s] ()
2025-06-10 20:22:04,347 - sqlalchemy.engine.Engine - INFO - COMMENT ON COLUMN books.description IS 'Описание книги'
2025-06-10 20:22:04,348 - sqlalchemy.engine.Engine - INFO - [no key 0.00045s] ()
2025-06-10 20:22:04,349 - sqlalchemy.engine.Engine - INFO - COMMIT
2025-06-10 20:26:20,474 - sqlalchemy.engine.Engine - INFO - select pg_catalog.version()
2025-06-10 20:26:20,475 - sqlalchemy.engine.Engine - INFO - [raw sql] ()
2025-06-10 20:26:20,477 - sqlalchemy.engine.Engine - INFO - select current_schema()
2025-06-10 20:26:20,477 - sqlalchemy.engine.Engine - INFO - [raw sql] ()
2025-06-10 20:26:20,479 - sqlalchemy.engine.Engine - INFO - show standard_conforming_strings
2025-06-10 20:26:20,479 - sqlalchemy.engine.Engine - INFO - [raw sql] ()
2025-06-10 20:26:20,481 - sqlalchemy.engine.Engine - INFO - BEGIN (implicit)
2025-06-10 20:26:20,485 - sqlalchemy.engine.Engine - INFO - SELECT pg_catalog.pg_class.relname 
FROM pg_catalog.pg_class JOIN pg_catalog.pg_namespace ON pg_catalog.pg_namespace.oid = pg_catalog.pg_class.relnamespace 
WHERE pg_catalog.pg_class.relname = $1::VARCHAR AND pg_catalog.pg_class.relkind = ANY (ARRAY[$2::VARCHAR, $3::VARCHAR, $4::VARCHAR, $5::VARCHAR, $6::VARCHAR]) AND pg_catalog.pg_table_is_visible(pg_catalog.pg_class.oid) AND pg_catalog.pg_namespace.nspname != $7::VARCHAR
2025-06-10 20:26:20,487 - sqlalchemy.engine.Engine - INFO - [generated in 0.00126s] ('books', 'r', 'p', 'f', 'v', 'm', 'pg_catalog')
2025-06-10 20:26:20,491 - sqlalchemy.engine.Engine - INFO - 
DROP TABLE books
2025-06-10 20:26:20,491 - sqlalchemy.engine.Engine - INFO - [no key 0.00063s] ()
2025-06-10 20:26:20,497 - sqlalchemy.engine.Engine - INFO - SELECT pg_catalog.pg_class.relname 
FROM pg_catalog.pg_class JOIN pg_catalog.pg_namespace ON pg_catalog.pg_namespace.oid = pg_catalog.pg_class.relnamespace 
WHERE pg_catalog.pg_class.relname = $1::VARCHAR AND pg_catalog.pg_class.relkind = ANY (ARRAY[$2::VARCHAR, $3::VARCHAR, $4::VARCHAR, $5::VARCHAR, $6::VARCHAR]) AND pg_catalog.pg_table_is_visible(pg_catalog.pg_class.oid) AND pg_catalog.pg_namespace.nspname != $7::VARCHAR
2025-06-10 20:26:20,497 - sqlalchemy.engine.Engine - INFO - [cached since 0.01163s ago] ('books', 'r', 'p', 'f', 'v', 'm', 'pg_catalog')
2025-06-10 20:26:20,499 - sqlalchemy.engine.Engine - INFO - 
CREATE TABLE books (
	id SERIAL NOT NULL, 
	title VARCHAR NOT NULL, 
	author VARCHAR NOT NULL, 
	year INTEGER NOT NULL, 
	genre VARCHAR NOT NULL, 
	pages INTEGER NOT NULL, 
	availability VARCHAR(20) NOT NULL, 
	cover_url VARCHAR, 
	description VARCHAR, 
	PRIMARY KEY (id)
)


2025-06-10 20:26:20,501 - sqlalchemy.engine.Engine - INFO - [no key 0.00183s] ()
2025-06-10 20:26:20,512 - sqlalchemy.engine.Engine - INFO - CREATE INDEX ix_books_id ON books (id)
2025-06-10 20:26:20,512 - sqlalchemy.engine.Engine - INFO - [no key 0.00057s] ()
2025-06-10 20:26:20,517 - sqlalchemy.engine.Engine - INFO - COMMENT ON COLUMN books.title IS 'Наименование книги'
2025-06-10 20:26:20,518 - sqlalchemy.engine.Engine - INFO - [no key 0.00054s] ()
2025-06-10 20:26:20,519 - sqlalchemy.engine.Engine - INFO - COMMENT ON COLUMN books.author IS 'Имя автора'
2025-06-10 20:26:20,519 - sqlalchemy.engine.Engine - INFO - [no key 0.00050s] ()
2025-06-10 20:26:20,521 - sqlalchemy.engine.Engine - INFO - COMMENT ON COLUMN books.year IS 'Год издания книги'
2025-06-10 20:26:20,521 - sqlalchemy.engine.Engine - INFO - [no key 0.00045s] ()
2025-06-10 20:26:20,521 - sqlalchemy.engine.Engine - INFO - COMMENT ON COLUMN books.genre IS 'Жанр книги'
2025-06-10 20:26:20,522 - sqlalchemy.engine.Engine - INFO - [no key 0.00045s] ()
2025-06-10 20:26:20,523 - sqlalchemy.engine.Engine - INFO - COMMENT ON COLUMN books.pages IS 'Количество страниц книги'
2025-06-10 20:26:20,523 - sqlalchemy.engine.Engine - INFO - [no key 0.00048s] ()
2025-06-10 20:26:20,525 - sqlalchemy.engine.Engine - INFO - COMMENT ON COLUMN books.availability IS 'Статус доступности'
2025-06-10 20:26:20,525 - sqlalchemy.engine.Engine - INFO - [no key 0.00044s] ()
2025-06-10 20:26:20,526 - sqlalchemy.engine.Engine - INFO - COMMENT ON COLUMN books.cover_url IS 'Ссылка на обложку'
2025-06-10 20:26:20,526 - sqlalchemy.engine.Engine - INFO - [no key 0.00045s] ()
2025-06-10 20:26:20,527 - sqlalchemy.engine.Engine - INFO - COMMENT ON COLUMN books.description IS 'Описание книги'
2025-06-10 20:26:20,528 - sqlalchemy.engine.Engine - INFO - [no key 0.00050s] ()
2025-06-10 20:26:20,530 - sqlalchemy.engine.Engine - INFO - COMMIT
2025-06-10 20:27:17,455 - httpx - INFO - HTTP Request: GET https://api.jsonbin.io/v3/b/682bbc1f8561e97a5017996e "HTTP/1.1 200 OK"
2025-06-10 20:27:17,474 - book_catalog - INFO - Создания книги: 'Harry Potter' | Хранилище: postgres
2025-06-10 20:27:18,557 - httpx - INFO - HTTP Request: GET https://openlibrary.org/search.json?q=title%3AHarry+Potter&limit=1 "HTTP/1.1 200 OK"
2025-06-10 20:27:19,654 - httpx - INFO - HTTP Request: GET https://openlibrary.org/works/OL82548W.json "HTTP/1.1 200 OK"
2025-06-10 20:27:19,674 - sqlalchemy.engine.Engine - INFO - BEGIN (implicit)
2025-06-10 20:27:19,677 - sqlalchemy.engine.Engine - INFO - INSERT INTO books (title, author, year, genre, pages, availability, cover_url, description) VALUES ($1::VARCHAR, $2::VARCHAR, $3::INTEGER, $4::VARCHAR, $5::INTEGER, $6::VARCHAR, $7::VARCHAR, $8::VARCHAR) RETURNING books.id
2025-06-10 20:27:19,679 - sqlalchemy.engine.Engine - INFO - [generated in 0.00181s] ('Harry Potter', 'J.K', 1998, 'ph', 1000, <AvailabilityStatus.AVAILABLE: 'available'>, 'https://covers.openlibrary.org/b/id/10523466-L.jpg', 'After the Dementors’ attack on his cousin Dudley, Harry knows he is about to become Voldemort’s next target.\r\n\r\nAlthough many are denying the Dar ... (651 characters truncated) ... /works/OL17915213W/Harry_Potter_and_the_Order_of_the_Phoenix_Chapters_24-30)\r\n\r\n  [1]: https://www.jkrowling.com/book/harry-potter-order-phoenix/')
2025-06-10 20:27:19,686 - sqlalchemy.engine.Engine - INFO - COMMIT
2025-06-10 20:27:19,690 - sqlalchemy.engine.Engine - INFO - BEGIN (implicit)
2025-06-10 20:27:19,695 - sqlalchemy.engine.Engine - INFO - SELECT books.id, books.title, books.author, books.year, books.genre, books.pages, books.availability, books.cover_url, books.description 
FROM books 
WHERE books.id = $1::INTEGER
2025-06-10 20:27:19,697 - sqlalchemy.engine.Engine - INFO - [generated in 0.00195s] (1,)
2025-06-10 20:27:19,700 - book_catalog - INFO - Книга создана: <models.books.BookModel object at 0x000001947FB559D0>
2025-06-10 20:27:19,703 - sqlalchemy.engine.Engine - INFO - ROLLBACK
